
> babaji-achar@0.0.0 build
> next build

▲ Next.js 16.1.6 (Turbopack)
- Environments: .env

  Creating an optimized production build ...
✓ Compiled successfully in 12.8s
  Running TypeScript ...
  Collecting page data using 15 workers ...
  Generating static pages using 15 workers (0/3) ...
Error occurred prerendering page "/". Read more: https://nextjs.org/docs/messages/prerender-error
ReferenceError: window is not defined
    at <unknown> (C:\Users\ishu2\Desktop\antigravity\babaji-achar\.next\server\chunks\ssr\[root-of-the-server]__50b6c0c8._.js:1:54633)
    at module evaluation (C:\Users\ishu2\Desktop\antigravity\babaji-achar\.next\server\chunks\ssr\[root-of-the-server]__50b6c0c8._.js:1:201074)
    at instantiateModule (C:\Users\ishu2\Desktop\antigravity\babaji-achar\.next\server\chunks\ssr\[turbopack]_runtime.js:740:9)
    at getOrInstantiateModuleFromParent (C:\Users\ishu2\Desktop\antigravity\babaji-achar\.next\server\chunks\ssr\[turbopack]_runtime.js:763:12)
    at Context.esmImport [as i] (C:\Users\ishu2\Desktop\antigravity\babaji-achar\.next\server\chunks\ssr\[turbopack]_runtime.js:228:20)
    at module evaluation (C:\Users\ishu2\Desktop\antigravity\babaji-achar\.next\server\chunks\ssr\[root-of-the-server]__50b6c0c8._.js:1:455114)
    at instantiateModule (C:\Users\ishu2\Desktop\antigravity\babaji-achar\.next\server\chunks\ssr\[turbopack]_runtime.js:740:9)
    at getOrInstantiateModuleFromParent (C:\Users\ishu2\Desktop\antigravity\babaji-achar\.next\server\chunks\ssr\[turbopack]_runtime.js:763:12)
    at Context.commonJsRequire [as r] (C:\Users\ishu2\Desktop\antigravity\babaji-achar\.next\server\chunks\ssr\[turbopack]_runtime.js:249:12) {
  digest: '28621432'
}
Export encountered an error on /page: /, exiting the build.
⨯ Next.js build worker exited with code: 1 and signal: null
